main.c:204:5:main	8	static
main.c:332:6:SystemClock_Config	88	static
main.c:379:13:MX_CAN1_Init	48	static
main.c:434:13:MX_CAN2_Init	8	static
main.c:471:13:MX_CRC_Init	8	static
main.c:497:13:MX_DMA2D_Init	8	static
main.c:542:13:MX_I2C2_Init	8	static
main.c:588:13:MX_LTDC_Init	64	static
main.c:650:13:MX_SDIO_SD_Init	4	static
main.c:678:13:MX_TIM1_Init	96	static
main.c:753:13:MX_TIM9_Init	40	static
main.c:799:13:MX_TIM13_Init	40	static
main.c:843:13:MX_DMA_Init	16	static
main.c:857:13:MX_FMC_Init	56	static
main.c:911:13:MX_GPIO_Init	72	static
main.c:995:7:mapFloat	32	static
main.c:1000:6:mapInt	32	static
main.c:1014:6:Start_START_Task	16	static
main.c:1043:13:TouchGFX_Task	16	static
main.c:1061:6:Start_SD_Task	16	static
main.c:1079:6:Start_LED_Task	16	static
main.c:1097:6:Start_CAN_Task	16	static
main.c:1334:6:Start_BTN_Task	16	static
main.c:1375:6:Start_BARO_Task	16	static
main.c:1393:6:Start_RGB_Task	48	static
main.c:1472:6:Start_BH1750_Task	24	static
main.c:1510:6:Start_LPS22_Task	16	static
main.c:1529:6:HAL_TIM_PeriodElapsedCallback	16	static
main.c:1545:6:Error_Handler	4	static,ignoring_inline_asm
