main.c:204:5:main	8	static
main.c:332:6:SystemClock_Config	88	static
main.c:385:13:MX_CAN1_Init	56	static
main.c:443:13:MX_CAN2_Init	8	static
main.c:480:13:MX_CRC_Init	8	static
main.c:506:13:MX_DMA2D_Init	8	static
main.c:551:13:MX_I2C2_Init	8	static
main.c:597:13:MX_LTDC_Init	96	static
main.c:667:13:MX_SDIO_SD_Init	4	static
main.c:695:13:MX_TIM1_Init	96	static
main.c:770:13:MX_TIM9_Init	40	static
main.c:816:13:MX_TIM13_Init	40	static
main.c:860:13:MX_DMA_Init	16	static
main.c:874:13:MX_FMC_Init	56	static
main.c:928:13:MX_GPIO_Init	72	static
main.c:1012:7:mapFloat	32	static
main.c:1017:6:mapInt	32	static
main.c:1031:6:Start_START_Task	16	static
main.c:1059:13:TouchGFX_Task	16	static
main.c:1077:6:Start_SD_Task	16	static
main.c:1095:6:Start_LED_Task	16	static
main.c:1113:6:Start_CAN_Task	16	static
main.c:1351:6:Start_BTN_Task	16	static
main.c:1392:6:Start_BARO_Task	16	static
main.c:1410:6:Start_RGB_Task	48	static
main.c:1489:6:Start_BH1750_Task	24	static
main.c:1527:6:Start_LPS22_Task	16	static
main.c:1546:6:HAL_TIM_PeriodElapsedCallback	16	static
main.c:1562:6:Error_Handler	4	static,ignoring_inline_asm
