main.c:114:5:main	8	static
main.c:208:6:SystemClock_Config	136	static
main.c:261:13:MX_CRC_Init	8	static
main.c:287:13:MX_DMA2D_Init	8	static
main.c:332:13:MX_I2C2_Init	8	static
main.c:378:13:MX_LTDC_Init	64	static
main.c:440:13:MX_SDIO_SD_Init	8	static
main.c:485:13:MX_SPI1_Init	8	static
main.c:523:13:MX_TIM4_Init	48	static
main.c:572:13:MX_USART1_UART_Init	8	static
main.c:603:13:MX_DMA_Init	16	static
main.c:620:13:MX_FMC_Init	56	static
main.c:674:13:MX_GPIO_Init	64	static
main.c:754:6:StartDefaultTask	16	static
main.c:775:13:TouchGFX_Task	16	static
main.c:793:6:HAL_TIM_PeriodElapsedCallback	16	static
main.c:810:6:Error_Handler	4	static,ignoring_inline_asm
