main.c:134:5:main	8	static
main.c:233:6:SystemClock_Config	88	static
main.c:284:13:MX_CRC_Init	8	static
main.c:310:13:MX_DMA2D_Init	8	static
main.c:355:13:MX_I2C2_Init	8	static
main.c:401:13:MX_LTDC_Init	64	static
main.c:463:13:MX_SDIO_SD_Init	8	static
main.c:501:13:MX_SPI1_Init	8	static
main.c:539:13:MX_TIM4_Init	48	static
main.c:588:13:MX_USART1_UART_Init	8	static
main.c:619:13:MX_DMA_Init	16	static
main.c:636:13:MX_FMC_Init	56	static
main.c:690:13:MX_GPIO_Init	64	static
main.c:755:7:mapFloat	32	static
main.c:760:6:mapInt	32	static
main.c:774:6:StartDefaultTask	16	static
main.c:827:13:TouchGFX_Task	16	static
main.c:844:6:SDIO_Task	16	static
main.c:874:6:HAL_TIM_PeriodElapsedCallback	16	static
main.c:891:6:Error_Handler	4	static,ignoring_inline_asm
