../Core/Src/main.c:234:5:main	8	static
../Core/Src/main.c:374:6:SystemClock_Config	88	static
../Core/Src/main.c:424:13:MX_ADC1_Init	24	static
../Core/Src/main.c:476:13:MX_CAN1_Init	56	static
../Core/Src/main.c:534:13:MX_CAN2_Init	8	static
../Core/Src/main.c:571:13:MX_CRC_Init	8	static
../Core/Src/main.c:597:13:MX_DMA2D_Init	8	static
../Core/Src/main.c:642:13:MX_I2C2_Init	8	static
../Core/Src/main.c:690:13:MX_LTDC_Init	64	static
../Core/Src/main.c:752:13:MX_SDIO_SD_Init	4	static
../Core/Src/main.c:780:13:MX_TIM1_Init	96	static
../Core/Src/main.c:855:13:MX_TIM13_Init	40	static
../Core/Src/main.c:901:13:MX_USART1_UART_Init	8	static
../Core/Src/main.c:934:13:MX_USB_OTG_FS_PCD_Init	8	static
../Core/Src/main.c:967:13:MX_DMA_Init	16	static
../Core/Src/main.c:981:13:MX_FMC_Init	56	static
../Core/Src/main.c:1035:13:MX_GPIO_Init	72	static
../Core/Src/main.c:1165:7:mapFloat	32	static
../Core/Src/main.c:1170:6:mapInt	32	static
../Core/Src/main.c:1184:6:Start_START_Task	16	static
../Core/Src/main.c:1212:13:TouchGFX_Task	16	static
../Core/Src/main.c:1229:6:Start_SD_Task	16	static
../Core/Src/main.c:1246:6:Start_LED_Task	16	static
../Core/Src/main.c:1264:6:Start_CAN_Task	24	static
../Core/Src/main.c:1671:6:Start_BTN_Task	16	static
../Core/Src/main.c:1760:6:Start_BARO_Task	16	static
../Core/Src/main.c:1779:6:Start_RGB_Task	40	static
../Core/Src/main.c:1838:6:Start_BH1750_Task	24	static
../Core/Src/main.c:1883:6:Start_LPS22_Task	16	static
../Core/Src/main.c:1900:6:Start_INPUT_Task	16	static
../Core/Src/main.c:1939:6:Start_OUTPUT_Task	32	static
../Core/Src/main.c:2039:6:Start_ADC_Task	16	static
../Core/Src/main.c:2057:6:HAL_TIM_PeriodElapsedCallback	16	static
../Core/Src/main.c:2073:6:Error_Handler	4	static,ignoring_inline_asm
