main.c:231:5:main	8	static
main.c:369:6:SystemClock_Config	88	static
main.c:422:13:MX_ADC1_Init	24	static
main.c:472:13:MX_CAN1_Init	56	static
main.c:530:13:MX_CAN2_Init	8	static
main.c:567:13:MX_CRC_Init	8	static
main.c:593:13:MX_DMA2D_Init	8	static
main.c:638:13:MX_I2C2_Init	8	static
main.c:684:13:MX_LTDC_Init	96	static
main.c:754:13:MX_SDIO_SD_Init	4	static
main.c:782:13:MX_TIM1_Init	96	static
main.c:857:13:MX_TIM9_Init	40	static
main.c:903:13:MX_TIM13_Init	40	static
main.c:947:13:MX_DMA_Init	16	static
main.c:961:13:MX_FMC_Init	56	static
main.c:1015:13:MX_GPIO_Init	72	static
main.c:1145:7:mapFloat	32	static
main.c:1150:6:mapInt	32	static
main.c:1164:6:Start_START_Task	16	static
main.c:1194:13:TouchGFX_Task	16	static
main.c:1212:6:Start_SD_Task	16	static
main.c:1230:6:Start_LED_Task	16	static
main.c:1248:6:Start_CAN_Task	16	static
main.c:1486:6:Start_BTN_Task	32	static
main.c:1565:6:Start_BARO_Task	16	static
main.c:1583:6:Start_RGB_Task	48	static
main.c:1662:6:Start_BH1750_Task	24	static
main.c:1699:6:Start_LPS22_Task	16	static
main.c:1717:6:Start_INPUT_Task	16	static
main.c:1758:6:Start_OUTPUT_Task	40	static
main.c:1857:6:Start_ADC_Task	16	static
main.c:1876:6:HAL_TIM_PeriodElapsedCallback	16	static
main.c:1892:6:Error_Handler	4	static,ignoring_inline_asm
