main.c:121:5:main	8	static
main.c:215:6:SystemClock_Config	136	static
main.c:274:13:MX_CRC_Init	8	static
main.c:300:13:MX_DMA2D_Init	8	static
main.c:345:13:MX_I2C2_Init	8	static
main.c:391:13:MX_LTDC_Init	64	static
main.c:453:13:MX_SDIO_SD_Init	8	static
main.c:498:13:MX_SPI1_Init	8	static
main.c:536:13:MX_TIM4_Init	48	static
main.c:585:13:MX_USART1_UART_Init	8	static
main.c:616:13:MX_DMA_Init	16	static
main.c:633:13:MX_FMC_Init	56	static
main.c:687:13:MX_GPIO_Init	64	static
main.c:758:7:mapFloat	32	static
main.c:763:6:mapInt	32	static
main.c:777:6:StartDefaultTask	16	static
main.c:830:13:TouchGFX_Task	16	static
main.c:848:6:HAL_TIM_PeriodElapsedCallback	16	static
main.c:865:6:Error_Handler	4	static,ignoring_inline_asm
