main.c:223:5:main	8	static
main.c:358:6:SystemClock_Config	88	static
main.c:411:13:MX_ADC1_Init	24	static
main.c:461:13:MX_CAN1_Init	56	static
main.c:519:13:MX_CAN2_Init	8	static
main.c:556:13:MX_CRC_Init	8	static
main.c:582:13:MX_DMA2D_Init	8	static
main.c:627:13:MX_I2C2_Init	8	static
main.c:673:13:MX_LTDC_Init	96	static
main.c:743:13:MX_SDIO_SD_Init	4	static
main.c:771:13:MX_TIM1_Init	96	static
main.c:846:13:MX_TIM9_Init	40	static
main.c:892:13:MX_TIM13_Init	40	static
main.c:936:13:MX_DMA_Init	16	static
main.c:950:13:MX_FMC_Init	56	static
main.c:1004:13:MX_GPIO_Init	72	static
main.c:1134:7:mapFloat	32	static
main.c:1139:6:mapInt	32	static
main.c:1153:6:Start_START_Task	16	static
main.c:1183:13:TouchGFX_Task	16	static
main.c:1201:6:Start_SD_Task	16	static
main.c:1219:6:Start_LED_Task	16	static
main.c:1237:6:Start_CAN_Task	16	static
main.c:1475:6:Start_BTN_Task	16	static
main.c:1516:6:Start_BARO_Task	16	static
main.c:1534:6:Start_RGB_Task	48	static
main.c:1613:6:Start_BH1750_Task	24	static
main.c:1651:6:Start_LPS22_Task	16	static
main.c:1669:6:Start_INPUT_Task	24	static
main.c:1712:6:Start_OUTPUT_Task	40	static
main.c:1804:6:HAL_TIM_PeriodElapsedCallback	16	static
main.c:1820:6:Error_Handler	4	static,ignoring_inline_asm
