../Core/Src/main.c:176:5:main	8	static
../Core/Src/main.c:294:6:SystemClock_Config	88	static
../Core/Src/main.c:344:13:MX_ADC1_Init	24	static
../Core/Src/main.c:396:13:MX_CAN1_Init	56	static
../Core/Src/main.c:454:13:MX_CAN2_Init	8	static
../Core/Src/main.c:491:13:MX_CRC_Init	8	static
../Core/Src/main.c:517:13:MX_DMA2D_Init	8	static
../Core/Src/main.c:562:13:MX_I2C2_Init	8	static
../Core/Src/main.c:610:13:MX_LTDC_Init	64	static
../Core/Src/main.c:672:13:MX_SDIO_SD_Init	4	static
../Core/Src/main.c:700:13:MX_TIM2_Init	64	static
../Core/Src/main.c:763:13:MX_TIM13_Init	40	static
../Core/Src/main.c:809:13:MX_USART1_UART_Init	8	static
../Core/Src/main.c:842:13:MX_USB_OTG_FS_PCD_Init	8	static
../Core/Src/main.c:873:13:MX_FMC_Init	56	static
../Core/Src/main.c:927:13:MX_GPIO_Init	72	static
../Core/Src/main.c:1049:7:mapFloat	32	static
../Core/Src/main.c:1054:6:mapInt	32	static
../Core/Src/main.c:1068:6:Start_START_Task	16	static
../Core/Src/main.c:1099:13:TouchGFX_Task	16	static
../Core/Src/main.c:1116:6:Start_CAN_Task	64	static
../Core/Src/main.c:1350:6:Start_BTN_Task	24	static
../Core/Src/main.c:1439:6:Start_RGB_Task	48	static
../Core/Src/main.c:1540:6:Start_BMS_Task	376	static
../Core/Src/main.c:1695:6:HAL_TIM_PeriodElapsedCallback	16	static
../Core/Src/main.c:1711:6:Error_Handler	4	static,ignoring_inline_asm
