../Core/Src/main.c:201:5:main	8	static
../Core/Src/main.c:326:6:SystemClock_Config	88	static
../Core/Src/main.c:376:13:MX_ADC1_Init	24	static
../Core/Src/main.c:428:13:MX_CAN1_Init	56	static
../Core/Src/main.c:486:13:MX_CAN2_Init	8	static
../Core/Src/main.c:523:13:MX_CRC_Init	8	static
../Core/Src/main.c:549:13:MX_DMA2D_Init	8	static
../Core/Src/main.c:594:13:MX_I2C2_Init	8	static
../Core/Src/main.c:642:13:MX_LTDC_Init	64	static
../Core/Src/main.c:704:13:MX_SDIO_SD_Init	4	static
../Core/Src/main.c:732:13:MX_TIM2_Init	64	static
../Core/Src/main.c:795:13:MX_TIM13_Init	40	static
../Core/Src/main.c:841:13:MX_USART1_UART_Init	8	static
../Core/Src/main.c:874:13:MX_USB_OTG_FS_PCD_Init	8	static
../Core/Src/main.c:907:13:MX_DMA_Init	16	static
../Core/Src/main.c:924:13:MX_FMC_Init	56	static
../Core/Src/main.c:978:13:MX_GPIO_Init	72	static
../Core/Src/main.c:1110:7:mapFloat	32	static
../Core/Src/main.c:1115:6:mapInt	32	static
../Core/Src/main.c:1120:6:HAL_GPIO_EXTI_Callback	16	static
../Core/Src/main.c:1137:6:Start_START_Task	16	static
../Core/Src/main.c:1165:13:TouchGFX_Task	16	static
../Core/Src/main.c:1182:6:Start_CAN_Task	40	static
../Core/Src/main.c:1548:6:Start_BTN_Task	16	static
../Core/Src/main.c:1637:6:Start_BARO_Task	16	static
../Core/Src/main.c:1656:6:Start_RGB_Task	24	static
../Core/Src/main.c:1688:6:Start_INPUT_Task	16	static
../Core/Src/main.c:1727:6:Start_OUTPUT_Task	32	static
../Core/Src/main.c:1827:6:Start_BMS_Task	376	static
../Core/Src/main.c:1982:6:HAL_TIM_PeriodElapsedCallback	16	static
../Core/Src/main.c:1998:6:Error_Handler	4	static,ignoring_inline_asm
