main.c:204:5:main	8	static
main.c:332:6:SystemClock_Config	88	static
main.c:379:13:MX_CAN1_Init	56	static
main.c:437:13:MX_CAN2_Init	8	static
main.c:474:13:MX_CRC_Init	8	static
main.c:500:13:MX_DMA2D_Init	8	static
main.c:545:13:MX_I2C2_Init	8	static
main.c:591:13:MX_LTDC_Init	64	static
main.c:653:13:MX_SDIO_SD_Init	4	static
main.c:681:13:MX_TIM1_Init	96	static
main.c:756:13:MX_TIM9_Init	40	static
main.c:802:13:MX_TIM13_Init	40	static
main.c:846:13:MX_DMA_Init	16	static
main.c:860:13:MX_FMC_Init	56	static
main.c:914:13:MX_GPIO_Init	72	static
main.c:998:7:mapFloat	32	static
main.c:1003:6:mapInt	32	static
main.c:1017:6:Start_START_Task	16	static
main.c:1044:13:TouchGFX_Task	16	static
main.c:1062:6:Start_SD_Task	16	static
main.c:1080:6:Start_LED_Task	16	static
main.c:1098:6:Start_CAN_Task	16	static
main.c:1336:6:Start_BTN_Task	16	static
main.c:1377:6:Start_BARO_Task	16	static
main.c:1395:6:Start_RGB_Task	48	static
main.c:1474:6:Start_BH1750_Task	24	static
main.c:1512:6:Start_LPS22_Task	16	static
main.c:1531:6:HAL_TIM_PeriodElapsedCallback	16	static
main.c:1547:6:Error_Handler	4	static,ignoring_inline_asm
