stm32f4xx_hal_msp.c:69:6:HAL_MspInit	16	static
stm32f4xx_hal_msp.c:93:6:HAL_CRC_MspInit	24	static
stm32f4xx_hal_msp.c:115:6:HAL_CRC_MspDeInit	16	static
stm32f4xx_hal_msp.c:137:6:HAL_DMA2D_MspInit	24	static
stm32f4xx_hal_msp.c:162:6:HAL_DMA2D_MspDeInit	16	static
stm32f4xx_hal_msp.c:187:6:HAL_I2C_MspInit	48	static
stm32f4xx_hal_msp.c:223:6:HAL_I2C_MspDeInit	16	static
stm32f4xx_hal_msp.c:254:6:HAL_LTDC_MspInit	64	static
stm32f4xx_hal_msp.c:354:6:HAL_LTDC_MspDeInit	16	static
stm32f4xx_hal_msp.c:415:6:HAL_SD_MspInit	48	static
stm32f4xx_hal_msp.c:510:6:HAL_SD_MspDeInit	16	static
stm32f4xx_hal_msp.c:552:6:HAL_SPI_MspInit	48	static
stm32f4xx_hal_msp.c:589:6:HAL_SPI_MspDeInit	16	static
stm32f4xx_hal_msp.c:619:6:HAL_TIM_PWM_MspInit	24	static
stm32f4xx_hal_msp.c:635:6:HAL_TIM_MspPostInit	40	static
stm32f4xx_hal_msp.c:667:6:HAL_TIM_PWM_MspDeInit	16	static
stm32f4xx_hal_msp.c:689:6:HAL_UART_MspInit	48	static
stm32f4xx_hal_msp.c:725:6:HAL_UART_MspDeInit	16	static
stm32f4xx_hal_msp.c:750:13:HAL_FMC_MspInit	32	static
stm32f4xx_hal_msp.c:860:6:HAL_SDRAM_MspInit	16	static
stm32f4xx_hal_msp.c:872:13:HAL_FMC_MspDeInit	8	static
stm32f4xx_hal_msp.c:949:6:HAL_SDRAM_MspDeInit	16	static
