../Core/Src/stm32f4xx_hal_msp.c:66:6:HAL_MspInit	16	static
../Core/Src/stm32f4xx_hal_msp.c:90:6:HAL_ADC_MspInit	48	static
../Core/Src/stm32f4xx_hal_msp.c:123:6:HAL_ADC_MspDeInit	16	static
../Core/Src/stm32f4xx_hal_msp.c:153:6:HAL_CAN_MspInit	56	static
../Core/Src/stm32f4xx_hal_msp.c:226:6:HAL_CAN_MspDeInit	16	static
../Core/Src/stm32f4xx_hal_msp.c:284:6:HAL_CRC_MspInit	24	static
../Core/Src/stm32f4xx_hal_msp.c:306:6:HAL_CRC_MspDeInit	16	static
../Core/Src/stm32f4xx_hal_msp.c:328:6:HAL_DMA2D_MspInit	24	static
../Core/Src/stm32f4xx_hal_msp.c:353:6:HAL_DMA2D_MspDeInit	16	static
../Core/Src/stm32f4xx_hal_msp.c:378:6:HAL_I2C_MspInit	48	static
../Core/Src/stm32f4xx_hal_msp.c:414:6:HAL_I2C_MspDeInit	16	static
../Core/Src/stm32f4xx_hal_msp.c:445:6:HAL_LTDC_MspInit	112	static
../Core/Src/stm32f4xx_hal_msp.c:550:6:HAL_LTDC_MspDeInit	16	static
../Core/Src/stm32f4xx_hal_msp.c:610:6:HAL_SD_MspInit	48	static
../Core/Src/stm32f4xx_hal_msp.c:659:6:HAL_SD_MspDeInit	16	static
../Core/Src/stm32f4xx_hal_msp.c:695:6:HAL_TIM_Base_MspInit	24	static
../Core/Src/stm32f4xx_hal_msp.c:745:6:HAL_TIM_MspPostInit	48	static
../Core/Src/stm32f4xx_hal_msp.c:797:6:HAL_TIM_Base_MspDeInit	16	static
../Core/Src/stm32f4xx_hal_msp.c:833:6:HAL_UART_MspInit	48	static
../Core/Src/stm32f4xx_hal_msp.c:869:6:HAL_UART_MspDeInit	16	static
../Core/Src/stm32f4xx_hal_msp.c:898:6:HAL_PCD_MspInit	48	static
../Core/Src/stm32f4xx_hal_msp.c:934:6:HAL_PCD_MspDeInit	16	static
../Core/Src/stm32f4xx_hal_msp.c:959:13:HAL_FMC_MspInit	32	static
../Core/Src/stm32f4xx_hal_msp.c:1069:6:HAL_SDRAM_MspInit	16	static
../Core/Src/stm32f4xx_hal_msp.c:1081:13:HAL_FMC_MspDeInit	8	static
../Core/Src/stm32f4xx_hal_msp.c:1158:6:HAL_SDRAM_MspDeInit	16	static
