stm32f4xx_it.c:76:6:NMI_Handler	8	static
stm32f4xx_it.c:92:6:HardFault_Handler	4	static
stm32f4xx_it.c:107:6:MemManage_Handler	4	static
stm32f4xx_it.c:122:6:BusFault_Handler	4	static
stm32f4xx_it.c:137:6:UsageFault_Handler	4	static
stm32f4xx_it.c:152:6:DebugMon_Handler	4	static
stm32f4xx_it.c:172:6:CAN1_RX0_IRQHandler	8	static
stm32f4xx_it.c:186:6:FMC_IRQHandler	8	static
stm32f4xx_it.c:200:6:TIM6_DAC_IRQHandler	8	static
stm32f4xx_it.c:214:6:DMA2_Stream1_IRQHandler	8	static
stm32f4xx_it.c:229:6:CAN2_RX0_IRQHandler	8	static
stm32f4xx_it.c:243:6:LTDC_IRQHandler	8	static
stm32f4xx_it.c:257:6:DMA2D_IRQHandler	8	static
