../Core/Src/stm32f4xx_hal_msp.c:65:6:HAL_MspInit	16	static
../Core/Src/stm32f4xx_hal_msp.c:89:6:HAL_ADC_MspInit	48	static
../Core/Src/stm32f4xx_hal_msp.c:122:6:HAL_ADC_MspDeInit	16	static
../Core/Src/stm32f4xx_hal_msp.c:152:6:HAL_CAN_MspInit	56	static
../Core/Src/stm32f4xx_hal_msp.c:225:6:HAL_CAN_MspDeInit	16	static
../Core/Src/stm32f4xx_hal_msp.c:283:6:HAL_CRC_MspInit	24	static
../Core/Src/stm32f4xx_hal_msp.c:305:6:HAL_CRC_MspDeInit	16	static
../Core/Src/stm32f4xx_hal_msp.c:327:6:HAL_DMA2D_MspInit	24	static
../Core/Src/stm32f4xx_hal_msp.c:352:6:HAL_DMA2D_MspDeInit	16	static
../Core/Src/stm32f4xx_hal_msp.c:377:6:HAL_I2C_MspInit	48	static
../Core/Src/stm32f4xx_hal_msp.c:413:6:HAL_I2C_MspDeInit	16	static
../Core/Src/stm32f4xx_hal_msp.c:444:6:HAL_LTDC_MspInit	112	static
../Core/Src/stm32f4xx_hal_msp.c:549:6:HAL_LTDC_MspDeInit	16	static
../Core/Src/stm32f4xx_hal_msp.c:609:6:HAL_SD_MspInit	48	static
../Core/Src/stm32f4xx_hal_msp.c:658:6:HAL_SD_MspDeInit	16	static
../Core/Src/stm32f4xx_hal_msp.c:694:6:HAL_TIM_Base_MspInit	24	static
../Core/Src/stm32f4xx_hal_msp.c:721:6:HAL_TIM_MspPostInit	48	static
../Core/Src/stm32f4xx_hal_msp.c:774:6:HAL_TIM_Base_MspDeInit	16	static
../Core/Src/stm32f4xx_hal_msp.c:807:6:HAL_UART_MspInit	48	static
../Core/Src/stm32f4xx_hal_msp.c:843:6:HAL_UART_MspDeInit	16	static
../Core/Src/stm32f4xx_hal_msp.c:872:6:HAL_PCD_MspInit	48	static
../Core/Src/stm32f4xx_hal_msp.c:908:6:HAL_PCD_MspDeInit	16	static
../Core/Src/stm32f4xx_hal_msp.c:933:13:HAL_FMC_MspInit	32	static
../Core/Src/stm32f4xx_hal_msp.c:1043:6:HAL_SDRAM_MspInit	16	static
../Core/Src/stm32f4xx_hal_msp.c:1055:13:HAL_FMC_MspDeInit	8	static
../Core/Src/stm32f4xx_hal_msp.c:1132:6:HAL_SDRAM_MspDeInit	16	static
