stm32f4xx_hal_msp.c:69:6:HAL_MspInit	16	static
stm32f4xx_hal_msp.c:93:6:HAL_CRC_MspInit	24	static
stm32f4xx_hal_msp.c:115:6:HAL_CRC_MspDeInit	16	static
stm32f4xx_hal_msp.c:137:6:HAL_DMA2D_MspInit	24	static
stm32f4xx_hal_msp.c:162:6:HAL_DMA2D_MspDeInit	16	static
stm32f4xx_hal_msp.c:187:6:HAL_I2C_MspInit	48	static
stm32f4xx_hal_msp.c:223:6:HAL_I2C_MspDeInit	16	static
stm32f4xx_hal_msp.c:254:6:HAL_LTDC_MspInit	112	static
stm32f4xx_hal_msp.c:366:6:HAL_LTDC_MspDeInit	16	static
stm32f4xx_hal_msp.c:427:6:HAL_SD_MspInit	48	static
stm32f4xx_hal_msp.c:522:6:HAL_SD_MspDeInit	16	static
stm32f4xx_hal_msp.c:564:6:HAL_SPI_MspInit	48	static
stm32f4xx_hal_msp.c:601:6:HAL_SPI_MspDeInit	16	static
stm32f4xx_hal_msp.c:631:6:HAL_TIM_PWM_MspInit	24	static
stm32f4xx_hal_msp.c:647:6:HAL_TIM_MspPostInit	40	static
stm32f4xx_hal_msp.c:679:6:HAL_TIM_PWM_MspDeInit	16	static
stm32f4xx_hal_msp.c:701:6:HAL_UART_MspInit	48	static
stm32f4xx_hal_msp.c:737:6:HAL_UART_MspDeInit	16	static
stm32f4xx_hal_msp.c:762:13:HAL_FMC_MspInit	32	static
stm32f4xx_hal_msp.c:872:6:HAL_SDRAM_MspInit	16	static
stm32f4xx_hal_msp.c:884:13:HAL_FMC_MspDeInit	8	static
stm32f4xx_hal_msp.c:961:6:HAL_SDRAM_MspDeInit	16	static
