stm32f4xx_hal_msp.c:66:6:HAL_MspInit	16	static
stm32f4xx_hal_msp.c:92:6:HAL_CAN_MspInit	56	static
stm32f4xx_hal_msp.c:165:6:HAL_CAN_MspDeInit	16	static
stm32f4xx_hal_msp.c:223:6:HAL_CRC_MspInit	24	static
stm32f4xx_hal_msp.c:245:6:HAL_CRC_MspDeInit	16	static
stm32f4xx_hal_msp.c:267:6:HAL_DMA2D_MspInit	24	static
stm32f4xx_hal_msp.c:292:6:HAL_DMA2D_MspDeInit	16	static
stm32f4xx_hal_msp.c:317:6:HAL_I2C_MspInit	48	static
stm32f4xx_hal_msp.c:353:6:HAL_I2C_MspDeInit	16	static
stm32f4xx_hal_msp.c:384:6:HAL_LTDC_MspInit	112	static
stm32f4xx_hal_msp.c:488:6:HAL_LTDC_MspDeInit	16	static
stm32f4xx_hal_msp.c:548:6:HAL_SD_MspInit	48	static
stm32f4xx_hal_msp.c:597:6:HAL_SD_MspDeInit	16	static
stm32f4xx_hal_msp.c:633:6:HAL_TIM_Base_MspInit	24	static
stm32f4xx_hal_msp.c:686:6:HAL_TIM_PWM_MspInit	24	static
stm32f4xx_hal_msp.c:702:6:HAL_TIM_MspPostInit	48	static
stm32f4xx_hal_msp.c:776:6:HAL_TIM_Base_MspDeInit	16	static
stm32f4xx_hal_msp.c:812:6:HAL_TIM_PWM_MspDeInit	16	static
stm32f4xx_hal_msp.c:830:13:HAL_FMC_MspInit	32	static
stm32f4xx_hal_msp.c:940:6:HAL_SDRAM_MspInit	16	static
stm32f4xx_hal_msp.c:952:13:HAL_FMC_MspDeInit	8	static
stm32f4xx_hal_msp.c:1029:6:HAL_SDRAM_MspDeInit	16	static
