stm32f4xx_hal_msp.c:66:6:HAL_MspInit	16	static
stm32f4xx_hal_msp.c:92:6:HAL_CAN_MspInit	56	static
stm32f4xx_hal_msp.c:159:6:HAL_CAN_MspDeInit	16	static
stm32f4xx_hal_msp.c:213:6:HAL_CRC_MspInit	24	static
stm32f4xx_hal_msp.c:235:6:HAL_CRC_MspDeInit	16	static
stm32f4xx_hal_msp.c:257:6:HAL_DMA2D_MspInit	24	static
stm32f4xx_hal_msp.c:282:6:HAL_DMA2D_MspDeInit	16	static
stm32f4xx_hal_msp.c:307:6:HAL_I2C_MspInit	48	static
stm32f4xx_hal_msp.c:343:6:HAL_I2C_MspDeInit	16	static
stm32f4xx_hal_msp.c:374:6:HAL_LTDC_MspInit	112	static
stm32f4xx_hal_msp.c:478:6:HAL_LTDC_MspDeInit	16	static
stm32f4xx_hal_msp.c:538:6:HAL_SD_MspInit	48	static
stm32f4xx_hal_msp.c:587:6:HAL_SD_MspDeInit	16	static
stm32f4xx_hal_msp.c:623:6:HAL_TIM_Base_MspInit	24	static
stm32f4xx_hal_msp.c:676:6:HAL_TIM_PWM_MspInit	24	static
stm32f4xx_hal_msp.c:692:6:HAL_TIM_MspPostInit	48	static
stm32f4xx_hal_msp.c:766:6:HAL_TIM_Base_MspDeInit	16	static
stm32f4xx_hal_msp.c:802:6:HAL_TIM_PWM_MspDeInit	16	static
stm32f4xx_hal_msp.c:820:13:HAL_FMC_MspInit	32	static
stm32f4xx_hal_msp.c:930:6:HAL_SDRAM_MspInit	16	static
stm32f4xx_hal_msp.c:942:13:HAL_FMC_MspDeInit	8	static
stm32f4xx_hal_msp.c:1019:6:HAL_SDRAM_MspDeInit	16	static
