stm32f4xx_hal_msp.c:66:6:HAL_MspInit	16	static
stm32f4xx_hal_msp.c:90:6:HAL_ADC_MspInit	48	static
stm32f4xx_hal_msp.c:131:6:HAL_ADC_MspDeInit	16	static
stm32f4xx_hal_msp.c:165:6:HAL_CAN_MspInit	56	static
stm32f4xx_hal_msp.c:238:6:HAL_CAN_MspDeInit	16	static
stm32f4xx_hal_msp.c:296:6:HAL_CRC_MspInit	24	static
stm32f4xx_hal_msp.c:318:6:HAL_CRC_MspDeInit	16	static
stm32f4xx_hal_msp.c:340:6:HAL_DMA2D_MspInit	24	static
stm32f4xx_hal_msp.c:365:6:HAL_DMA2D_MspDeInit	16	static
stm32f4xx_hal_msp.c:390:6:HAL_I2C_MspInit	48	static
stm32f4xx_hal_msp.c:426:6:HAL_I2C_MspDeInit	16	static
stm32f4xx_hal_msp.c:457:6:HAL_LTDC_MspInit	112	static
stm32f4xx_hal_msp.c:561:6:HAL_LTDC_MspDeInit	16	static
stm32f4xx_hal_msp.c:621:6:HAL_SD_MspInit	48	static
stm32f4xx_hal_msp.c:670:6:HAL_SD_MspDeInit	16	static
stm32f4xx_hal_msp.c:706:6:HAL_TIM_Base_MspInit	24	static
stm32f4xx_hal_msp.c:759:6:HAL_TIM_PWM_MspInit	24	static
stm32f4xx_hal_msp.c:775:6:HAL_TIM_MspPostInit	48	static
stm32f4xx_hal_msp.c:849:6:HAL_TIM_Base_MspDeInit	16	static
stm32f4xx_hal_msp.c:885:6:HAL_TIM_PWM_MspDeInit	16	static
stm32f4xx_hal_msp.c:903:13:HAL_FMC_MspInit	32	static
stm32f4xx_hal_msp.c:1013:6:HAL_SDRAM_MspInit	16	static
stm32f4xx_hal_msp.c:1025:13:HAL_FMC_MspDeInit	8	static
stm32f4xx_hal_msp.c:1102:6:HAL_SDRAM_MspDeInit	16	static
