../Core/Src/stm32f4xx_hal_msp.c:68:6:HAL_MspInit	16	static
../Core/Src/stm32f4xx_hal_msp.c:92:6:HAL_ADC_MspInit	48	static
../Core/Src/stm32f4xx_hal_msp.c:125:6:HAL_ADC_MspDeInit	16	static
../Core/Src/stm32f4xx_hal_msp.c:155:6:HAL_CAN_MspInit	56	static
../Core/Src/stm32f4xx_hal_msp.c:228:6:HAL_CAN_MspDeInit	16	static
../Core/Src/stm32f4xx_hal_msp.c:286:6:HAL_CRC_MspInit	24	static
../Core/Src/stm32f4xx_hal_msp.c:308:6:HAL_CRC_MspDeInit	16	static
../Core/Src/stm32f4xx_hal_msp.c:330:6:HAL_DMA2D_MspInit	24	static
../Core/Src/stm32f4xx_hal_msp.c:355:6:HAL_DMA2D_MspDeInit	16	static
../Core/Src/stm32f4xx_hal_msp.c:380:6:HAL_I2C_MspInit	48	static
../Core/Src/stm32f4xx_hal_msp.c:416:6:HAL_I2C_MspDeInit	16	static
../Core/Src/stm32f4xx_hal_msp.c:447:6:HAL_LTDC_MspInit	112	static
../Core/Src/stm32f4xx_hal_msp.c:552:6:HAL_LTDC_MspDeInit	16	static
../Core/Src/stm32f4xx_hal_msp.c:612:6:HAL_SD_MspInit	48	static
../Core/Src/stm32f4xx_hal_msp.c:661:6:HAL_SD_MspDeInit	16	static
../Core/Src/stm32f4xx_hal_msp.c:697:6:HAL_TIM_Base_MspInit	24	static
../Core/Src/stm32f4xx_hal_msp.c:774:6:HAL_TIM_MspPostInit	48	static
../Core/Src/stm32f4xx_hal_msp.c:827:6:HAL_TIM_Base_MspDeInit	16	static
../Core/Src/stm32f4xx_hal_msp.c:866:6:HAL_UART_MspInit	48	static
../Core/Src/stm32f4xx_hal_msp.c:902:6:HAL_UART_MspDeInit	16	static
../Core/Src/stm32f4xx_hal_msp.c:931:6:HAL_PCD_MspInit	48	static
../Core/Src/stm32f4xx_hal_msp.c:967:6:HAL_PCD_MspDeInit	16	static
../Core/Src/stm32f4xx_hal_msp.c:992:13:HAL_FMC_MspInit	32	static
../Core/Src/stm32f4xx_hal_msp.c:1102:6:HAL_SDRAM_MspInit	16	static
../Core/Src/stm32f4xx_hal_msp.c:1114:13:HAL_FMC_MspDeInit	8	static
../Core/Src/stm32f4xx_hal_msp.c:1191:6:HAL_SDRAM_MspDeInit	16	static
